2026-07-01T15:48:03 | ndbimnQt
2026-07-02T22:55:41 | yRORR80f
2026-07-06T22:04:29 | +fOaZ3o5
2026-07-07T14:11:09 | 3jFET43C
2026-07-09T19:54:53 | O9wxIxHo
2026-07-10T10:28:00 | 9gqyK27B
2026-07-12T16:09:21 | GfAlL3/V
2026-07-13T15:01:45 | tU+MQqgs
2026-07-14T21:29:14 | 4W2oJ+Ko
2026-07-14T19:56:03 | Rkwsyuok
2026-07-14T21:30:29 | maI2qyS7
2026-07-14T09:50:56 | cqlxqQbk
2026-07-14T23:00:07 | rlAP6nOt
2026-07-14T15:29:55 | IX0DoeYj
2026-07-14T10:23:49 | rN7gR+Zx
2026-07-14T18:15:47+02:00 | verify-fix
2026-07-15T09:19:42 | 5W0iFjUq
2026-07-15T21:00:32 | y3GtINnU
2026-07-16T15:29:55 | ib7HCntn
2026-07-16T14:48:57 | aXcs/FXP
2026-07-19T10:37:12 | DIKqe1Qc
2026-07-20T23:43:04 | SLpKeT36
2026-07-20T12:02:31 | 394iktyx
2026-07-20T13:40:16 | BCjeAEDc
2026-07-20T14:30:04 | D9VCIwR2
2026-07-20T13:40:17 | GNwHlxFE
2026-07-22T09:05:45 | b+Hz1JPQ
2026-07-22T14:19:33 | BJvmY4uP
2026-07-22T10:35:56 | J682kBSe
2026-07-22T09:28:30 | iD+itXwq
2026-07-22T15:46:54 | F4hVC/Rp
2026-07-22T13:35:58 | k1+LkuQQ
2026-07-22T13:48:15 | BSl2AdZF
2026-07-23T13:26:39 | Tl4Lebsi
2026-07-23T22:04:16 | e/nHv5TS
2026-07-28T13:14:49 | VbiBVvLt
2026-07-28T15:40:00 | galeI3aw
2026-07-29T21:00:11 | 34td+bZr
2026-07-29T23:15:15 | +leJfwW4
2026-07-30T10:35:09 | 2/xZkRjh
2026-07-30T12:32:31 | FZzxobXN
2026-07-30T09:54:51 | Ddd3wADk
2026-07-30T11:22:30 | EM1z6hFZ
2026-07-31T16:51:03 | jai5iZly
2026-08-04T14:38:11 | 1MyXZ9Xi
2026-08-04T09:30:22 | sX5IAwtQ
2026-08-06T14:30:22 | Ppk0PCDt
2026-08-06T22:25:21 | ZRIh0k5U
2026-08-06T16:40:50 | ZgeVFzNv
2026-08-06T21:47:32 | WfxzKJQr
2026-08-06T23:10:54 | arXi1yPP
2026-08-06T14:57:28 | XlViw2LY
2026-08-06T22:45:58 | GvMrhWKG
2026-08-06T14:34:58 | 9ag0I+1I
2026-08-07T11:46:22 | tszba3Tq
2026-08-07T09:30:45 | 84QiCcmd
2026-08-07T09:49:57 | z2EP3u9L
2026-08-07T14:18:55 | +ClJ3G/0
2026-08-07T22:49:12 | 8SrrLcpy
2026-08-10T09:36:55 | YT5UlPkI
2026-08-10T14:57:48 | 0W1I34J9
2026-08-10T11:41:58 | uG+YqnoP
